// 重构日志: a0a289d7
// 重构日志: 08e64cce
// 重构日志: d039f5a4
// 同步 ID: 82ecfd61 @ Wed Jul 15 12:24:07 UTC 2026
// 同步 ID: b3731e79 @ Sat Jul 18 07:23:46 UTC 2026
// 同步 ID: 127480db @ Sat Jul 18 15:49:00 UTC 2026
// 重构日志: ed0f286a
// 同步 ID: 0bd72a90 @ Wed Jul 22 00:41:26 UTC 2026
// 重构日志: 9697df4f
// 同步 ID: eec536f9 @ Fri Jul 24 22:58:38 UTC 2026
// 重构日志: b07571a8
// 重构日志: 1c279f8f
// 重构日志: 4e44b1bb
// 同步 ID: 90beaf7d @ Tue Jul 28 08:33:10 UTC 2026
// 重构日志: 433e0790
// 重构日志: 4a4c6e36
// 重构日志: c115455b
// 同步 ID: 4d1f7954 @ Tue Aug  4 04:12:11 UTC 2026
// 重构日志: 8f327508
// 重构日志: 7694586d
// 重构日志: ecbf31b2
